RDP_TRACE {"expected_locations":["0","1","2"],"kind":"start","node":"1","sequence":0,"version":22}
RDP_TRACE {"batch":0,"kind":"send","node":"1","pre_version":22,"send":"gossip:0","sequence":1,"txid":"2.21"}
RDP_TRACE {"batch":0,"kind":"send","node":"1","pre_version":22,"send":"gossip:1","sequence":2,"txid":"2.21"}
RDP_TRACE {"batch":0,"kind":"send","node":"1","pre_version":22,"send":"gossip:2","sequence":3,"txid":"2.21"}
RDP_TRACE {"caused_by":"1:2","gossips":{"1":"2.21"},"kind":"gossip_accepted","node":"1","post":"Gossiping","post_timeout":"Gossiping","pre":"Gossiping","pre_timeout":"Gossiping","sequence":4,"source":"1","txid":"2.21","version":24,"wrote":true}
RDP_TRACE {"caused_by":"0:31","gossips":{"0":"2.21","1":"2.21"},"kind":"gossip_accepted","node":"1","post":"Gossiping","post_timeout":"Gossiping","pre":"Gossiping","pre_timeout":"Gossiping","sequence":5,"source":"0","txid":"2.21","version":25,"wrote":true}
RDP_TRACE {"batch":1,"kind":"send","node":"1","pre_version":22,"send":"gossip:0","sequence":6,"txid":"2.21"}
RDP_TRACE {"batch":1,"kind":"send","node":"1","pre_version":22,"send":"gossip:1","sequence":7,"txid":"2.21"}
RDP_TRACE {"batch":1,"kind":"send","node":"1","pre_version":22,"send":"gossip:2","sequence":8,"txid":"2.21"}
RDP_TRACE {"caused_by":"1:7","gossips":{"0":"2.21","1":"2.21"},"kind":"gossip_accepted","node":"1","post":"Gossiping","post_timeout":"Gossiping","pre":"Gossiping","pre_timeout":"Gossiping","sequence":9,"source":"1","txid":"2.21","version":26,"wrote":false}
RDP_TRACE {"caused_by":"0:36","gossips":{"0":"2.21","1":"2.21"},"kind":"gossip_accepted","node":"1","post":"Gossiping","post_timeout":"Gossiping","pre":"Gossiping","pre_timeout":"Gossiping","sequence":10,"source":"0","txid":"2.21","version":26,"wrote":false}
RDP_TRACE {"batch":2,"kind":"send","node":"1","pre_version":22,"send":"gossip:0","sequence":11,"txid":"2.21"}
RDP_TRACE {"batch":2,"kind":"send","node":"1","pre_version":22,"send":"gossip:1","sequence":12,"txid":"2.21"}
RDP_TRACE {"batch":2,"kind":"send","node":"1","pre_version":22,"send":"gossip:2","sequence":13,"txid":"2.21"}
RDP_TRACE {"caused_by":"1:12","gossips":{"0":"2.21","1":"2.21"},"kind":"gossip_accepted","node":"1","post":"Gossiping","post_timeout":"Gossiping","pre":"Gossiping","pre_timeout":"Gossiping","sequence":14,"source":"1","txid":"2.21","version":26,"wrote":false}
RDP_TRACE {"caused_by":"0:41","gossips":{"0":"2.21","1":"2.21"},"kind":"gossip_accepted","node":"1","post":"Gossiping","post_timeout":"Gossiping","pre":"Gossiping","pre_timeout":"Gossiping","sequence":15,"source":"0","txid":"2.21","version":26,"wrote":false}
RDP_TRACE {"batch":3,"kind":"send","node":"1","pre_version":22,"send":"gossip:0","sequence":16,"txid":"2.21"}
RDP_TRACE {"batch":3,"kind":"send","node":"1","pre_version":22,"send":"gossip:1","sequence":17,"txid":"2.21"}
RDP_TRACE {"batch":3,"kind":"send","node":"1","pre_version":22,"send":"gossip:2","sequence":18,"txid":"2.21"}
RDP_TRACE {"caused_by":"1:17","gossips":{"0":"2.21","1":"2.21"},"kind":"gossip_accepted","node":"1","post":"Gossiping","post_timeout":"Gossiping","pre":"Gossiping","pre_timeout":"Gossiping","sequence":19,"source":"1","txid":"2.21","version":26,"wrote":false}
RDP_TRACE {"caused_by":"0:46","gossips":{"0":"2.21","1":"2.21"},"kind":"gossip_accepted","node":"1","post":"Gossiping","post_timeout":"Gossiping","pre":"Gossiping","pre_timeout":"Gossiping","sequence":20,"source":"0","txid":"2.21","version":26,"wrote":false}
RDP_TRACE {"batch":4,"kind":"send","node":"1","pre_version":22,"send":"gossip:0","sequence":21,"txid":"2.21"}
RDP_TRACE {"batch":4,"kind":"send","node":"1","pre_version":22,"send":"gossip:1","sequence":22,"txid":"2.21"}
RDP_TRACE {"batch":4,"kind":"send","node":"1","pre_version":22,"send":"gossip:2","sequence":23,"txid":"2.21"}
RDP_TRACE {"caused_by":"1:22","gossips":{"0":"2.21","1":"2.21"},"kind":"gossip_accepted","node":"1","post":"Gossiping","post_timeout":"Gossiping","pre":"Gossiping","pre_timeout":"Gossiping","sequence":24,"source":"1","txid":"2.21","version":26,"wrote":false}
RDP_TRACE {"caused_by":"0:51","gossips":{"0":"2.21","1":"2.21"},"kind":"gossip_accepted","node":"1","post":"Gossiping","post_timeout":"Gossiping","pre":"Gossiping","pre_timeout":"Gossiping","sequence":25,"source":"0","txid":"2.21","version":26,"wrote":false}
RDP_TRACE {"batch":5,"kind":"send","node":"1","pre_version":22,"send":"gossip:0","sequence":26,"txid":"2.21"}
RDP_TRACE {"batch":5,"kind":"send","node":"1","pre_version":22,"send":"gossip:1","sequence":27,"txid":"2.21"}
RDP_TRACE {"batch":5,"kind":"send","node":"1","pre_version":22,"send":"gossip:2","sequence":28,"txid":"2.21"}
RDP_TRACE {"caused_by":"1:27","gossips":{"0":"2.21","1":"2.21"},"kind":"gossip_accepted","node":"1","post":"Gossiping","post_timeout":"Gossiping","pre":"Gossiping","pre_timeout":"Gossiping","sequence":29,"source":"1","txid":"2.21","version":26,"wrote":false}
RDP_TRACE {"caused_by":"0:56","gossips":{"0":"2.21","1":"2.21"},"kind":"gossip_accepted","node":"1","post":"Gossiping","post_timeout":"Gossiping","pre":"Gossiping","pre_timeout":"Gossiping","sequence":30,"source":"0","txid":"2.21","version":26,"wrote":false}
RDP_TRACE {"batch":6,"kind":"send","node":"1","pre_version":22,"send":"gossip:0","sequence":31,"txid":"2.21"}
RDP_TRACE {"batch":6,"kind":"send","node":"1","pre_version":22,"send":"gossip:1","sequence":32,"txid":"2.21"}
RDP_TRACE {"batch":6,"kind":"send","node":"1","pre_version":22,"send":"gossip:2","sequence":33,"txid":"2.21"}
RDP_TRACE {"caused_by":"1:32","gossips":{"0":"2.21","1":"2.21"},"kind":"gossip_accepted","node":"1","post":"Gossiping","post_timeout":"Gossiping","pre":"Gossiping","pre_timeout":"Gossiping","sequence":34,"source":"1","txid":"2.21","version":26,"wrote":false}
RDP_TRACE {"caused_by":"0:61","gossips":{"0":"2.21","1":"2.21"},"kind":"gossip_accepted","node":"1","post":"Gossiping","post_timeout":"Gossiping","pre":"Gossiping","pre_timeout":"Gossiping","sequence":35,"source":"0","txid":"2.21","version":26,"wrote":false}
RDP_TRACE {"caused_by":"2:2","chosen":"2","gossips":{"0":"2.21","1":"2.21","2":"2.21"},"kind":"gossip_accepted","node":"1","post":"Voting","post_timeout":"Gossiping","pre":"Gossiping","pre_timeout":"Gossiping","sequence":36,"source":"2","txid":"2.21","version":27,"wrote":true}
RDP_TRACE {"batch":7,"kind":"send","node":"1","pre_version":27,"send":"vote:2","sequence":37}
RDP_TRACE {"batch":7,"kind":"send","node":"1","pre_version":27,"send":"gossip:0","sequence":38,"txid":"2.21"}
RDP_TRACE {"batch":7,"kind":"send","node":"1","pre_version":27,"send":"gossip:1","sequence":39,"txid":"2.21"}
RDP_TRACE {"batch":7,"kind":"send","node":"1","pre_version":27,"send":"gossip:2","sequence":40,"txid":"2.21"}
RDP_TRACE {"batch":8,"kind":"send","node":"1","pre_version":27,"send":"vote:2","sequence":41}
RDP_TRACE {"batch":8,"kind":"send","node":"1","pre_version":27,"send":"gossip:0","sequence":42,"txid":"2.21"}
RDP_TRACE {"batch":8,"kind":"send","node":"1","pre_version":27,"send":"gossip:1","sequence":43,"txid":"2.21"}
RDP_TRACE {"batch":8,"kind":"send","node":"1","pre_version":27,"send":"gossip:2","sequence":44,"txid":"2.21"}
RDP_TRACE {"caused_by":"2:17","chosen":"2","kind":"iamopen_accepted","node":"1","post":"Joining","post_timeout":"Gossiping","pre":"Joining","pre_timeout":"Gossiping","restart":true,"sequence":45,"source":"2","version":29,"wrote":true}
