RDP_TRACE {"expected_locations":["0","1","2"],"kind":"start","node":"2","sequence":0,"version":22}
RDP_TRACE {"batch":0,"kind":"send","node":"2","pre_version":22,"send":"gossip:0","sequence":1,"txid":"2.21"}
RDP_TRACE {"batch":0,"kind":"send","node":"2","pre_version":22,"send":"gossip:1","sequence":2,"txid":"2.21"}
RDP_TRACE {"batch":0,"kind":"send","node":"2","pre_version":22,"send":"gossip:2","sequence":3,"txid":"2.21"}
RDP_TRACE {"caused_by":"2:3","gossips":{"2":"2.21"},"kind":"gossip_accepted","node":"2","post":"Gossiping","post_timeout":"Gossiping","pre":"Gossiping","pre_timeout":"Gossiping","sequence":4,"source":"2","txid":"2.21","version":24,"wrote":true}
RDP_TRACE {"caused_by":"1:37","gossips":{"2":"2.21"},"kind":"vote_accepted","node":"2","post":"Gossiping","post_timeout":"Gossiping","pre":"Gossiping","pre_timeout":"Gossiping","sequence":5,"source":"1","version":25,"wrote":true}
RDP_TRACE {"caused_by":"1:40","gossips":{"1":"2.21","2":"2.21"},"kind":"gossip_accepted","node":"2","post":"Gossiping","post_timeout":"Gossiping","pre":"Gossiping","pre_timeout":"Gossiping","sequence":6,"source":"1","txid":"2.21","version":26,"wrote":true}
RDP_TRACE {"caused_by":"0:65","gossips":{"1":"2.21","2":"2.21"},"kind":"vote_accepted","node":"2","post":"Gossiping","post_timeout":"Gossiping","pre":"Gossiping","pre_timeout":"Gossiping","sequence":7,"source":"0","version":27,"wrote":true}
RDP_TRACE {"caused_by":"0:68","chosen":"2","gossips":{"0":"2.21","1":"2.21","2":"2.21"},"kind":"gossip_accepted","node":"2","post":"Voting","post_timeout":"Gossiping","pre":"Gossiping","pre_timeout":"Gossiping","sequence":8,"source":"0","txid":"2.21","version":28,"wrote":true}
RDP_TRACE {"batch":1,"kind":"send","node":"2","pre_version":28,"send":"vote:2","sequence":9}
RDP_TRACE {"batch":1,"kind":"send","node":"2","pre_version":28,"send":"gossip:0","sequence":10,"txid":"2.21"}
RDP_TRACE {"batch":1,"kind":"send","node":"2","pre_version":28,"send":"gossip:1","sequence":11,"txid":"2.21"}
RDP_TRACE {"batch":1,"kind":"send","node":"2","pre_version":28,"send":"gossip:2","sequence":12,"txid":"2.21"}
RDP_TRACE {"caused_by":"2:9","kind":"vote_accepted","node":"2","open_kind":"Quorum","post":"Opening","post_timeout":"Gossiping","pre":"Voting","pre_timeout":"Gossiping","sequence":13,"source":"2","version":30,"votes":["0","1","2"],"wrote":true}
RDP_TRACE {"caused_by":"1:41","kind":"vote_accepted","node":"2","post":"Opening","post_timeout":"Gossiping","pre":"Opening","pre_timeout":"Gossiping","sequence":14,"source":"1","version":31,"wrote":true}
RDP_TRACE {"caused_by":"0:69","kind":"vote_accepted","node":"2","post":"Opening","post_timeout":"Gossiping","pre":"Opening","pre_timeout":"Gossiping","sequence":15,"source":"0","version":32,"wrote":true}
RDP_TRACE {"batch":2,"kind":"send","node":"2","pre_version":30,"send":"iamopen:0","sequence":16}
RDP_TRACE {"batch":2,"kind":"send","node":"2","pre_version":30,"send":"iamopen:1","sequence":17}
RDP_TRACE {"batch":3,"kind":"send","node":"2","pre_version":30,"send":"iamopen:0","sequence":18}
RDP_TRACE {"batch":3,"kind":"send","node":"2","pre_version":30,"send":"iamopen:1","sequence":19}
RDP_TRACE {"batch":4,"kind":"send","node":"2","pre_version":30,"send":"iamopen:0","sequence":20}
RDP_TRACE {"batch":4,"kind":"send","node":"2","pre_version":30,"send":"iamopen:1","sequence":21}
RDP_TRACE {"batch":5,"kind":"send","node":"2","pre_version":30,"send":"iamopen:0","sequence":22}
RDP_TRACE {"batch":5,"kind":"send","node":"2","pre_version":30,"send":"iamopen:1","sequence":23}
RDP_TRACE {"batch":6,"kind":"send","node":"2","pre_version":30,"send":"iamopen:0","sequence":24}
RDP_TRACE {"batch":6,"kind":"send","node":"2","pre_version":30,"send":"iamopen:1","sequence":25}
RDP_TRACE {"batch":7,"kind":"send","node":"2","pre_version":30,"send":"iamopen:0","sequence":26}
RDP_TRACE {"batch":7,"kind":"send","node":"2","pre_version":30,"send":"iamopen:1","sequence":27}
RDP_TRACE {"batch":8,"kind":"send","node":"2","pre_version":30,"send":"iamopen:0","sequence":28}
RDP_TRACE {"batch":8,"kind":"send","node":"2","pre_version":30,"send":"iamopen:1","sequence":29}
RDP_TRACE {"batch":9,"kind":"send","node":"2","pre_version":30,"send":"iamopen:0","sequence":30}
RDP_TRACE {"batch":9,"kind":"send","node":"2","pre_version":30,"send":"iamopen:1","sequence":31}
RDP_TRACE {"batch":10,"kind":"send","node":"2","pre_version":30,"send":"iamopen:0","sequence":32}
RDP_TRACE {"batch":10,"kind":"send","node":"2","pre_version":30,"send":"iamopen:1","sequence":33}
RDP_TRACE {"batch":11,"kind":"send","node":"2","pre_version":30,"send":"iamopen:0","sequence":34}
RDP_TRACE {"batch":11,"kind":"send","node":"2","pre_version":30,"send":"iamopen:1","sequence":35}
RDP_TRACE {"batch":12,"kind":"send","node":"2","pre_version":30,"send":"iamopen:0","sequence":36}
RDP_TRACE {"batch":12,"kind":"send","node":"2","pre_version":30,"send":"iamopen:1","sequence":37}
RDP_TRACE {"batch":13,"kind":"send","node":"2","pre_version":30,"send":"iamopen:0","sequence":38}
RDP_TRACE {"batch":13,"kind":"send","node":"2","pre_version":30,"send":"iamopen:1","sequence":39}
RDP_TRACE {"batch":14,"kind":"send","node":"2","pre_version":30,"send":"iamopen:0","sequence":40}
RDP_TRACE {"batch":14,"kind":"send","node":"2","pre_version":30,"send":"iamopen:1","sequence":41}
RDP_TRACE {"batch":15,"kind":"send","node":"2","pre_version":30,"send":"iamopen:0","sequence":42}
RDP_TRACE {"batch":15,"kind":"send","node":"2","pre_version":30,"send":"iamopen:1","sequence":43}
RDP_TRACE {"batch":16,"kind":"send","node":"2","pre_version":30,"send":"iamopen:0","sequence":44}
RDP_TRACE {"batch":16,"kind":"send","node":"2","pre_version":30,"send":"iamopen:1","sequence":45}
RDP_TRACE {"batch":17,"kind":"send","node":"2","pre_version":30,"send":"iamopen:0","sequence":46}
RDP_TRACE {"batch":17,"kind":"send","node":"2","pre_version":30,"send":"iamopen:1","sequence":47}
RDP_TRACE {"batch":18,"kind":"send","node":"2","pre_version":30,"send":"iamopen:0","sequence":48}
RDP_TRACE {"batch":18,"kind":"send","node":"2","pre_version":30,"send":"iamopen:1","sequence":49}
RDP_TRACE {"batch":19,"kind":"send","node":"2","pre_version":30,"send":"iamopen:0","sequence":50}
RDP_TRACE {"batch":19,"kind":"send","node":"2","pre_version":30,"send":"iamopen:1","sequence":51}
RDP_TRACE {"kind":"timeout","node":"2","post":"Opening","post_timeout":"Voting","pre":"Opening","pre_timeout":"Gossiping","sequence":52,"version":38,"wrote":true}
RDP_TRACE {"batch":20,"kind":"send","node":"2","pre_version":30,"send":"iamopen:0","sequence":53}
RDP_TRACE {"batch":20,"kind":"send","node":"2","pre_version":30,"send":"iamopen:1","sequence":54}
RDP_TRACE {"batch":21,"kind":"send","node":"2","pre_version":30,"send":"iamopen:0","sequence":55}
RDP_TRACE {"batch":21,"kind":"send","node":"2","pre_version":30,"send":"iamopen:1","sequence":56}
RDP_TRACE {"batch":22,"kind":"send","node":"2","pre_version":30,"send":"iamopen:0","sequence":57}
RDP_TRACE {"batch":22,"kind":"send","node":"2","pre_version":30,"send":"iamopen:1","sequence":58}
RDP_TRACE {"batch":23,"kind":"send","node":"2","pre_version":30,"send":"iamopen:0","sequence":59}
RDP_TRACE {"batch":23,"kind":"send","node":"2","pre_version":30,"send":"iamopen:1","sequence":60}
RDP_TRACE {"batch":24,"kind":"send","node":"2","pre_version":30,"send":"iamopen:0","sequence":61}
RDP_TRACE {"batch":24,"kind":"send","node":"2","pre_version":30,"send":"iamopen:1","sequence":62}
RDP_TRACE {"batch":25,"kind":"send","node":"2","pre_version":30,"send":"iamopen:0","sequence":63}
RDP_TRACE {"batch":25,"kind":"send","node":"2","pre_version":30,"send":"iamopen:1","sequence":64}
RDP_TRACE {"batch":26,"kind":"send","node":"2","pre_version":30,"send":"iamopen:0","sequence":65}
RDP_TRACE {"batch":26,"kind":"send","node":"2","pre_version":30,"send":"iamopen:1","sequence":66}
RDP_TRACE {"batch":27,"kind":"send","node":"2","pre_version":30,"send":"iamopen:0","sequence":67}
RDP_TRACE {"batch":27,"kind":"send","node":"2","pre_version":30,"send":"iamopen:1","sequence":68}
RDP_TRACE {"batch":28,"kind":"send","node":"2","pre_version":30,"send":"iamopen:0","sequence":69}
RDP_TRACE {"batch":28,"kind":"send","node":"2","pre_version":30,"send":"iamopen:1","sequence":70}
RDP_TRACE {"batch":29,"kind":"send","node":"2","pre_version":30,"send":"iamopen:0","sequence":71}
RDP_TRACE {"batch":29,"kind":"send","node":"2","pre_version":30,"send":"iamopen:1","sequence":72}
RDP_TRACE {"batch":30,"kind":"send","node":"2","pre_version":30,"send":"iamopen:0","sequence":73}
RDP_TRACE {"batch":30,"kind":"send","node":"2","pre_version":30,"send":"iamopen:1","sequence":74}
RDP_TRACE {"batch":31,"kind":"send","node":"2","pre_version":30,"send":"iamopen:0","sequence":75}
RDP_TRACE {"batch":31,"kind":"send","node":"2","pre_version":30,"send":"iamopen:1","sequence":76}
RDP_TRACE {"batch":32,"kind":"send","node":"2","pre_version":30,"send":"iamopen:0","sequence":77}
RDP_TRACE {"batch":32,"kind":"send","node":"2","pre_version":30,"send":"iamopen:1","sequence":78}
RDP_TRACE {"batch":33,"kind":"send","node":"2","pre_version":30,"send":"iamopen:0","sequence":79}
RDP_TRACE {"batch":33,"kind":"send","node":"2","pre_version":30,"send":"iamopen:1","sequence":80}
RDP_TRACE {"batch":34,"kind":"send","node":"2","pre_version":30,"send":"iamopen:0","sequence":81}
RDP_TRACE {"batch":34,"kind":"send","node":"2","pre_version":30,"send":"iamopen:1","sequence":82}
RDP_TRACE {"batch":35,"kind":"send","node":"2","pre_version":30,"send":"iamopen:0","sequence":83}
RDP_TRACE {"batch":35,"kind":"send","node":"2","pre_version":30,"send":"iamopen:1","sequence":84}
RDP_TRACE {"batch":36,"kind":"send","node":"2","pre_version":30,"send":"iamopen:0","sequence":85}
RDP_TRACE {"batch":36,"kind":"send","node":"2","pre_version":30,"send":"iamopen:1","sequence":86}
RDP_TRACE {"batch":37,"kind":"send","node":"2","pre_version":30,"send":"iamopen:0","sequence":87}
RDP_TRACE {"batch":37,"kind":"send","node":"2","pre_version":30,"send":"iamopen:1","sequence":88}
RDP_TRACE {"batch":38,"kind":"send","node":"2","pre_version":30,"send":"iamopen:0","sequence":89}
RDP_TRACE {"batch":38,"kind":"send","node":"2","pre_version":30,"send":"iamopen:1","sequence":90}
RDP_TRACE {"batch":39,"kind":"send","node":"2","pre_version":30,"send":"iamopen:0","sequence":91}
RDP_TRACE {"batch":39,"kind":"send","node":"2","pre_version":30,"send":"iamopen:1","sequence":92}
RDP_TRACE {"kind":"timeout","node":"2","post":"Opening","post_timeout":"Opening","pre":"Opening","pre_timeout":"Voting","sequence":93,"version":40,"wrote":true}
RDP_TRACE {"batch":40,"kind":"send","node":"2","pre_version":30,"send":"iamopen:0","sequence":94}
RDP_TRACE {"batch":40,"kind":"send","node":"2","pre_version":30,"send":"iamopen:1","sequence":95}
RDP_TRACE {"batch":41,"kind":"send","node":"2","pre_version":30,"send":"iamopen:0","sequence":96}
RDP_TRACE {"batch":41,"kind":"send","node":"2","pre_version":30,"send":"iamopen:1","sequence":97}
RDP_TRACE {"batch":42,"kind":"send","node":"2","pre_version":30,"send":"iamopen:0","sequence":98}
RDP_TRACE {"batch":42,"kind":"send","node":"2","pre_version":30,"send":"iamopen:1","sequence":99}
RDP_TRACE {"batch":43,"kind":"send","node":"2","pre_version":30,"send":"iamopen:0","sequence":100}
RDP_TRACE {"batch":43,"kind":"send","node":"2","pre_version":30,"send":"iamopen:1","sequence":101}
RDP_TRACE {"batch":44,"kind":"send","node":"2","pre_version":30,"send":"iamopen:0","sequence":102}
RDP_TRACE {"batch":44,"kind":"send","node":"2","pre_version":30,"send":"iamopen:1","sequence":103}
RDP_TRACE {"batch":45,"kind":"send","node":"2","pre_version":30,"send":"iamopen:0","sequence":104}
RDP_TRACE {"batch":45,"kind":"send","node":"2","pre_version":30,"send":"iamopen:1","sequence":105}
RDP_TRACE {"batch":46,"kind":"send","node":"2","pre_version":30,"send":"iamopen:0","sequence":106}
RDP_TRACE {"batch":46,"kind":"send","node":"2","pre_version":30,"send":"iamopen:1","sequence":107}
RDP_TRACE {"batch":47,"kind":"send","node":"2","pre_version":30,"send":"iamopen:0","sequence":108}
RDP_TRACE {"batch":47,"kind":"send","node":"2","pre_version":30,"send":"iamopen:1","sequence":109}
RDP_TRACE {"batch":48,"kind":"send","node":"2","pre_version":30,"send":"iamopen:0","sequence":110}
RDP_TRACE {"batch":48,"kind":"send","node":"2","pre_version":30,"send":"iamopen:1","sequence":111}
RDP_TRACE {"batch":49,"kind":"send","node":"2","pre_version":30,"send":"iamopen:0","sequence":112}
RDP_TRACE {"batch":49,"kind":"send","node":"2","pre_version":30,"send":"iamopen:1","sequence":113}
RDP_TRACE {"batch":50,"kind":"send","node":"2","pre_version":30,"send":"iamopen:0","sequence":114}
RDP_TRACE {"batch":50,"kind":"send","node":"2","pre_version":30,"send":"iamopen:1","sequence":115}
RDP_TRACE {"batch":51,"kind":"send","node":"2","pre_version":30,"send":"iamopen:0","sequence":116}
RDP_TRACE {"batch":51,"kind":"send","node":"2","pre_version":30,"send":"iamopen:1","sequence":117}
RDP_TRACE {"batch":52,"kind":"send","node":"2","pre_version":30,"send":"iamopen:0","sequence":118}
RDP_TRACE {"batch":52,"kind":"send","node":"2","pre_version":30,"send":"iamopen:1","sequence":119}
RDP_TRACE {"batch":53,"kind":"send","node":"2","pre_version":30,"send":"iamopen:0","sequence":120}
RDP_TRACE {"batch":53,"kind":"send","node":"2","pre_version":30,"send":"iamopen:1","sequence":121}
RDP_TRACE {"batch":54,"kind":"send","node":"2","pre_version":30,"send":"iamopen:0","sequence":122}
RDP_TRACE {"batch":54,"kind":"send","node":"2","pre_version":30,"send":"iamopen:1","sequence":123}
RDP_TRACE {"batch":55,"kind":"send","node":"2","pre_version":30,"send":"iamopen:0","sequence":124}
RDP_TRACE {"batch":55,"kind":"send","node":"2","pre_version":30,"send":"iamopen:1","sequence":125}
RDP_TRACE {"batch":56,"kind":"send","node":"2","pre_version":30,"send":"iamopen:0","sequence":126}
RDP_TRACE {"batch":56,"kind":"send","node":"2","pre_version":30,"send":"iamopen:1","sequence":127}
RDP_TRACE {"batch":57,"kind":"send","node":"2","pre_version":30,"send":"iamopen:0","sequence":128}
RDP_TRACE {"batch":57,"kind":"send","node":"2","pre_version":30,"send":"iamopen:1","sequence":129}
RDP_TRACE {"batch":58,"kind":"send","node":"2","pre_version":30,"send":"iamopen:0","sequence":130}
RDP_TRACE {"batch":58,"kind":"send","node":"2","pre_version":30,"send":"iamopen:1","sequence":131}
RDP_TRACE {"batch":59,"kind":"send","node":"2","pre_version":30,"send":"iamopen:0","sequence":132}
RDP_TRACE {"batch":59,"kind":"send","node":"2","pre_version":30,"send":"iamopen:1","sequence":133}
RDP_TRACE {"kind":"timeout","node":"2","post":"Open","post_timeout":"Opening","pre":"Opening","pre_timeout":"Opening","sequence":134,"version":42,"wrote":true}
