RDP_TRACE {"expected_locations":["0","1","2"],"kind":"start","node":"0","sequence":0,"version":22}
RDP_TRACE {"batch":0,"kind":"send","node":"0","pre_version":22,"send":"gossip:0","sequence":1,"txid":"2.21"}
RDP_TRACE {"batch":0,"kind":"send","node":"0","pre_version":22,"send":"gossip:1","sequence":2,"txid":"2.21"}
RDP_TRACE {"batch":0,"kind":"send","node":"0","pre_version":22,"send":"gossip:2","sequence":3,"txid":"2.21"}
RDP_TRACE {"caused_by":"0:1","gossips":{"0":"2.21"},"kind":"gossip_accepted","node":"0","post":"Gossiping","post_timeout":"Gossiping","pre":"Gossiping","pre_timeout":"Gossiping","sequence":4,"source":"0","txid":"2.21","version":24,"wrote":true}
RDP_TRACE {"batch":1,"kind":"send","node":"0","pre_version":22,"send":"gossip:0","sequence":5,"txid":"2.21"}
RDP_TRACE {"batch":1,"kind":"send","node":"0","pre_version":22,"send":"gossip:1","sequence":6,"txid":"2.21"}
RDP_TRACE {"batch":1,"kind":"send","node":"0","pre_version":22,"send":"gossip:2","sequence":7,"txid":"2.21"}
RDP_TRACE {"caused_by":"0:5","gossips":{"0":"2.21"},"kind":"gossip_accepted","node":"0","post":"Gossiping","post_timeout":"Gossiping","pre":"Gossiping","pre_timeout":"Gossiping","sequence":8,"source":"0","txid":"2.21","version":25,"wrote":false}
RDP_TRACE {"batch":2,"kind":"send","node":"0","pre_version":22,"send":"gossip:0","sequence":9,"txid":"2.21"}
RDP_TRACE {"batch":2,"kind":"send","node":"0","pre_version":22,"send":"gossip:1","sequence":10,"txid":"2.21"}
RDP_TRACE {"batch":2,"kind":"send","node":"0","pre_version":22,"send":"gossip:2","sequence":11,"txid":"2.21"}
RDP_TRACE {"caused_by":"0:9","gossips":{"0":"2.21"},"kind":"gossip_accepted","node":"0","post":"Gossiping","post_timeout":"Gossiping","pre":"Gossiping","pre_timeout":"Gossiping","sequence":12,"source":"0","txid":"2.21","version":25,"wrote":false}
RDP_TRACE {"batch":3,"kind":"send","node":"0","pre_version":22,"send":"gossip:0","sequence":13,"txid":"2.21"}
RDP_TRACE {"batch":3,"kind":"send","node":"0","pre_version":22,"send":"gossip:1","sequence":14,"txid":"2.21"}
RDP_TRACE {"batch":3,"kind":"send","node":"0","pre_version":22,"send":"gossip:2","sequence":15,"txid":"2.21"}
RDP_TRACE {"caused_by":"0:13","gossips":{"0":"2.21"},"kind":"gossip_accepted","node":"0","post":"Gossiping","post_timeout":"Gossiping","pre":"Gossiping","pre_timeout":"Gossiping","sequence":16,"source":"0","txid":"2.21","version":25,"wrote":false}
RDP_TRACE {"batch":4,"kind":"send","node":"0","pre_version":22,"send":"gossip:0","sequence":17,"txid":"2.21"}
RDP_TRACE {"batch":4,"kind":"send","node":"0","pre_version":22,"send":"gossip:1","sequence":18,"txid":"2.21"}
RDP_TRACE {"batch":4,"kind":"send","node":"0","pre_version":22,"send":"gossip:2","sequence":19,"txid":"2.21"}
RDP_TRACE {"caused_by":"0:17","gossips":{"0":"2.21"},"kind":"gossip_accepted","node":"0","post":"Gossiping","post_timeout":"Gossiping","pre":"Gossiping","pre_timeout":"Gossiping","sequence":20,"source":"0","txid":"2.21","version":25,"wrote":false}
RDP_TRACE {"batch":5,"kind":"send","node":"0","pre_version":22,"send":"gossip:0","sequence":21,"txid":"2.21"}
RDP_TRACE {"batch":5,"kind":"send","node":"0","pre_version":22,"send":"gossip:1","sequence":22,"txid":"2.21"}
RDP_TRACE {"batch":5,"kind":"send","node":"0","pre_version":22,"send":"gossip:2","sequence":23,"txid":"2.21"}
RDP_TRACE {"caused_by":"0:21","gossips":{"0":"2.21"},"kind":"gossip_accepted","node":"0","post":"Gossiping","post_timeout":"Gossiping","pre":"Gossiping","pre_timeout":"Gossiping","sequence":24,"source":"0","txid":"2.21","version":25,"wrote":false}
RDP_TRACE {"batch":6,"kind":"send","node":"0","pre_version":22,"send":"gossip:0","sequence":25,"txid":"2.21"}
RDP_TRACE {"batch":6,"kind":"send","node":"0","pre_version":22,"send":"gossip:1","sequence":26,"txid":"2.21"}
RDP_TRACE {"batch":6,"kind":"send","node":"0","pre_version":22,"send":"gossip:2","sequence":27,"txid":"2.21"}
RDP_TRACE {"caused_by":"0:25","gossips":{"0":"2.21"},"kind":"gossip_accepted","node":"0","post":"Gossiping","post_timeout":"Gossiping","pre":"Gossiping","pre_timeout":"Gossiping","sequence":28,"source":"0","txid":"2.21","version":25,"wrote":false}
RDP_TRACE {"caused_by":"1:1","gossips":{"0":"2.21","1":"2.21"},"kind":"gossip_accepted","node":"0","post":"Gossiping","post_timeout":"Gossiping","pre":"Gossiping","pre_timeout":"Gossiping","sequence":29,"source":"1","txid":"2.21","version":26,"wrote":true}
RDP_TRACE {"batch":7,"kind":"send","node":"0","pre_version":22,"send":"gossip:0","sequence":30,"txid":"2.21"}
RDP_TRACE {"batch":7,"kind":"send","node":"0","pre_version":22,"send":"gossip:1","sequence":31,"txid":"2.21"}
RDP_TRACE {"batch":7,"kind":"send","node":"0","pre_version":22,"send":"gossip:2","sequence":32,"txid":"2.21"}
RDP_TRACE {"caused_by":"0:30","gossips":{"0":"2.21","1":"2.21"},"kind":"gossip_accepted","node":"0","post":"Gossiping","post_timeout":"Gossiping","pre":"Gossiping","pre_timeout":"Gossiping","sequence":33,"source":"0","txid":"2.21","version":27,"wrote":false}
RDP_TRACE {"caused_by":"1:6","gossips":{"0":"2.21","1":"2.21"},"kind":"gossip_accepted","node":"0","post":"Gossiping","post_timeout":"Gossiping","pre":"Gossiping","pre_timeout":"Gossiping","sequence":34,"source":"1","txid":"2.21","version":27,"wrote":false}
RDP_TRACE {"batch":8,"kind":"send","node":"0","pre_version":22,"send":"gossip:0","sequence":35,"txid":"2.21"}
RDP_TRACE {"batch":8,"kind":"send","node":"0","pre_version":22,"send":"gossip:1","sequence":36,"txid":"2.21"}
RDP_TRACE {"batch":8,"kind":"send","node":"0","pre_version":22,"send":"gossip:2","sequence":37,"txid":"2.21"}
RDP_TRACE {"caused_by":"0:35","gossips":{"0":"2.21","1":"2.21"},"kind":"gossip_accepted","node":"0","post":"Gossiping","post_timeout":"Gossiping","pre":"Gossiping","pre_timeout":"Gossiping","sequence":38,"source":"0","txid":"2.21","version":27,"wrote":false}
RDP_TRACE {"caused_by":"1:11","gossips":{"0":"2.21","1":"2.21"},"kind":"gossip_accepted","node":"0","post":"Gossiping","post_timeout":"Gossiping","pre":"Gossiping","pre_timeout":"Gossiping","sequence":39,"source":"1","txid":"2.21","version":27,"wrote":false}
RDP_TRACE {"batch":9,"kind":"send","node":"0","pre_version":22,"send":"gossip:0","sequence":40,"txid":"2.21"}
RDP_TRACE {"batch":9,"kind":"send","node":"0","pre_version":22,"send":"gossip:1","sequence":41,"txid":"2.21"}
RDP_TRACE {"batch":9,"kind":"send","node":"0","pre_version":22,"send":"gossip:2","sequence":42,"txid":"2.21"}
RDP_TRACE {"caused_by":"0:40","gossips":{"0":"2.21","1":"2.21"},"kind":"gossip_accepted","node":"0","post":"Gossiping","post_timeout":"Gossiping","pre":"Gossiping","pre_timeout":"Gossiping","sequence":43,"source":"0","txid":"2.21","version":27,"wrote":false}
RDP_TRACE {"caused_by":"1:16","gossips":{"0":"2.21","1":"2.21"},"kind":"gossip_accepted","node":"0","post":"Gossiping","post_timeout":"Gossiping","pre":"Gossiping","pre_timeout":"Gossiping","sequence":44,"source":"1","txid":"2.21","version":27,"wrote":false}
RDP_TRACE {"batch":10,"kind":"send","node":"0","pre_version":22,"send":"gossip:0","sequence":45,"txid":"2.21"}
RDP_TRACE {"batch":10,"kind":"send","node":"0","pre_version":22,"send":"gossip:1","sequence":46,"txid":"2.21"}
RDP_TRACE {"batch":10,"kind":"send","node":"0","pre_version":22,"send":"gossip:2","sequence":47,"txid":"2.21"}
RDP_TRACE {"caused_by":"0:45","gossips":{"0":"2.21","1":"2.21"},"kind":"gossip_accepted","node":"0","post":"Gossiping","post_timeout":"Gossiping","pre":"Gossiping","pre_timeout":"Gossiping","sequence":48,"source":"0","txid":"2.21","version":27,"wrote":false}
RDP_TRACE {"caused_by":"1:21","gossips":{"0":"2.21","1":"2.21"},"kind":"gossip_accepted","node":"0","post":"Gossiping","post_timeout":"Gossiping","pre":"Gossiping","pre_timeout":"Gossiping","sequence":49,"source":"1","txid":"2.21","version":27,"wrote":false}
RDP_TRACE {"batch":11,"kind":"send","node":"0","pre_version":22,"send":"gossip:0","sequence":50,"txid":"2.21"}
RDP_TRACE {"batch":11,"kind":"send","node":"0","pre_version":22,"send":"gossip:1","sequence":51,"txid":"2.21"}
RDP_TRACE {"batch":11,"kind":"send","node":"0","pre_version":22,"send":"gossip:2","sequence":52,"txid":"2.21"}
RDP_TRACE {"caused_by":"0:50","gossips":{"0":"2.21","1":"2.21"},"kind":"gossip_accepted","node":"0","post":"Gossiping","post_timeout":"Gossiping","pre":"Gossiping","pre_timeout":"Gossiping","sequence":53,"source":"0","txid":"2.21","version":27,"wrote":false}
RDP_TRACE {"caused_by":"1:26","gossips":{"0":"2.21","1":"2.21"},"kind":"gossip_accepted","node":"0","post":"Gossiping","post_timeout":"Gossiping","pre":"Gossiping","pre_timeout":"Gossiping","sequence":54,"source":"1","txid":"2.21","version":27,"wrote":false}
RDP_TRACE {"batch":12,"kind":"send","node":"0","pre_version":22,"send":"gossip:0","sequence":55,"txid":"2.21"}
RDP_TRACE {"batch":12,"kind":"send","node":"0","pre_version":22,"send":"gossip:1","sequence":56,"txid":"2.21"}
RDP_TRACE {"batch":12,"kind":"send","node":"0","pre_version":22,"send":"gossip:2","sequence":57,"txid":"2.21"}
RDP_TRACE {"caused_by":"0:55","gossips":{"0":"2.21","1":"2.21"},"kind":"gossip_accepted","node":"0","post":"Gossiping","post_timeout":"Gossiping","pre":"Gossiping","pre_timeout":"Gossiping","sequence":58,"source":"0","txid":"2.21","version":27,"wrote":false}
RDP_TRACE {"caused_by":"1:31","gossips":{"0":"2.21","1":"2.21"},"kind":"gossip_accepted","node":"0","post":"Gossiping","post_timeout":"Gossiping","pre":"Gossiping","pre_timeout":"Gossiping","sequence":59,"source":"1","txid":"2.21","version":27,"wrote":false}
RDP_TRACE {"batch":13,"kind":"send","node":"0","pre_version":22,"send":"gossip:0","sequence":60,"txid":"2.21"}
RDP_TRACE {"batch":13,"kind":"send","node":"0","pre_version":22,"send":"gossip:1","sequence":61,"txid":"2.21"}
RDP_TRACE {"batch":13,"kind":"send","node":"0","pre_version":22,"send":"gossip:2","sequence":62,"txid":"2.21"}
RDP_TRACE {"caused_by":"0:60","gossips":{"0":"2.21","1":"2.21"},"kind":"gossip_accepted","node":"0","post":"Gossiping","post_timeout":"Gossiping","pre":"Gossiping","pre_timeout":"Gossiping","sequence":63,"source":"0","txid":"2.21","version":27,"wrote":false}
RDP_TRACE {"caused_by":"2:1","chosen":"2","gossips":{"0":"2.21","1":"2.21","2":"2.21"},"kind":"gossip_accepted","node":"0","post":"Voting","post_timeout":"Gossiping","pre":"Gossiping","pre_timeout":"Gossiping","sequence":64,"source":"2","txid":"2.21","version":28,"wrote":true}
RDP_TRACE {"batch":14,"kind":"send","node":"0","pre_version":28,"send":"vote:2","sequence":65}
RDP_TRACE {"batch":14,"kind":"send","node":"0","pre_version":28,"send":"gossip:0","sequence":66,"txid":"2.21"}
RDP_TRACE {"batch":14,"kind":"send","node":"0","pre_version":28,"send":"gossip:1","sequence":67,"txid":"2.21"}
RDP_TRACE {"batch":14,"kind":"send","node":"0","pre_version":28,"send":"gossip:2","sequence":68,"txid":"2.21"}
RDP_TRACE {"batch":15,"kind":"send","node":"0","pre_version":28,"send":"vote:2","sequence":69}
RDP_TRACE {"batch":15,"kind":"send","node":"0","pre_version":28,"send":"gossip:0","sequence":70,"txid":"2.21"}
RDP_TRACE {"batch":15,"kind":"send","node":"0","pre_version":28,"send":"gossip:1","sequence":71,"txid":"2.21"}
RDP_TRACE {"batch":15,"kind":"send","node":"0","pre_version":28,"send":"gossip:2","sequence":72,"txid":"2.21"}
RDP_TRACE {"caused_by":"2:16","chosen":"2","kind":"iamopen_accepted","node":"0","post":"Joining","post_timeout":"Gossiping","pre":"Joining","pre_timeout":"Gossiping","restart":true,"sequence":73,"source":"2","version":30,"wrote":true}
